Enter password: ******
Welcome to the MariaDB monitor.  Commands end with ; or \g.
Your MariaDB connection id is 16
Server version: 10.1.13-MariaDB mariadb.org binary distribution

Copyright (c) 2000, 2016, Oracle, MariaDB Corporation Ab and others.

Type 'help;' or '\h' for help. Type '\c' to clear the current input statement.

MariaDB [(none)]> use work
Database changed
MariaDB [work]> show tables;
+----------------+
| Tables_in_work |
+----------------+
| bmi_tab        |
| goods          |
| labels         |
+----------------+
3 rows in set (0.00 sec)

MariaDB [work]> conn scott
    -> ;
ERROR 1064 (42000): You have an error in your SQL syntax; check the manual that corresponds to your MariaDB server version for the right syntax to use near 'conn scott' at line 1
MariaDB [work]> show tables;
+----------------+
| Tables_in_work |
+----------------+
| bmi_tab        |
| goods          |
| labels         |
+----------------+
3 rows in set (0.00 sec)

MariaDB [work]> select * from emp;
ERROR 1146 (42S02): Table 'work.emp' doesn't exist
MariaDB [work]> CREATE DATABASE IF NOT EXISTS employees;
Query OK, 1 row affected (0.00 sec)

MariaDB [work]> show databases;
+--------------------+
| Database           |
+--------------------+
| employees          |
| information_schema |
| mysql              |
| performance_schema |
| test               |
| work               |
+--------------------+
6 rows in set (0.00 sec)

MariaDB [work]> use employees;
Database changed
MariaDB [employees]> CREATE TABLE employees (
    ->     emp_no      INT             NOT NULL,
    ->     birth_date  DATE            NOT NULL,
    ->     first_name  VARCHAR(14)     NOT NULL,
    ->     last_name   VARCHAR(16)     NOT NULL,
    ->     gender      ENUM ('M','F')  NOT NULL,
    ->     hire_date   DATE            NOT NULL,
    ->     PRIMARY KEY (emp_no)
    -> );
Query OK, 0 rows affected (0.02 sec)

MariaDB [employees]> CREATE TABLE departments (
    ->     dept_no     CHAR(4)         NOT NULL,
    ->     dept_name   VARCHAR(40)     NOT NULL,
    ->     PRIMARY KEY (dept_no),
    ->     UNIQUE  KEY (dept_name)
    -> );
Query OK, 0 rows affected (0.03 sec)

MariaDB [employees]> show tables;
+---------------------+
| Tables_in_employees |
+---------------------+
| departments         |
| employees           |
+---------------------+
2 rows in set (0.00 sec)

MariaDB [employees]> drop table employees;
Query OK, 0 rows affected (0.04 sec)

MariaDB [employees]> drop table department;
ERROR 1051 (42S02): Unknown table 'employees.department'
MariaDB [employees]> drop table departments;
Query OK, 0 rows affected (0.01 sec)

MariaDB [employees]> show tables;
Empty set (0.00 sec)

MariaDB [employees]> CREATE TABLE dept (
    -> deptno               int  NOT NULL  AUTO_INCREMENT,
    -> dname                varchar(20)    ,
    -> loc                  varchar(20)    ,
    -> CONSTRAINT pk_dept PRIMARY KEY ( deptno )
    -> );
Query OK, 0 rows affected (0.02 sec)

MariaDB [employees]> CREATE TABLE emp (
    -> empno                int  NOT NULL  AUTO_INCREMENT,
    -> ename                varchar(20)    ,
    -> job       varchar(20),
    -> mgr                  smallint    ,
    -> hiredate             date    ,
    -> sal                  numeric(7,2)    ,
    -> comm                 numeric(7,2)    ,
    -> deptno               int    ,
    -> CONSTRAINT pk_emp PRIMARY KEY ( empno )
    -> );
Query OK, 0 rows affected (0.02 sec)

MariaDB [employees]> show tables;
+---------------------+
| Tables_in_employees |
+---------------------+
| dept                |
| emp                 |
+---------------------+
2 rows in set (0.00 sec)

MariaDB [employees]> ALTER TABLE emp ADD CONSTRAINT fk_emp_dept FOREIGN KEY ( deptno ) REFERENCES dept( deptno ) ON DELETE NO ACTION ON UPDATE NO ACTION;
Query OK, 0 rows affected (0.04 sec)
Records: 0  Duplicates: 0  Warnings: 0

MariaDB [employees]> insert into dept values(10, 'ACCOUNTING', 'NEW YORK');
Query OK, 1 row affected (0.02 sec)

MariaDB [employees]> insert into dept values(20, 'RESEARCH', 'DALLAS');
Query OK, 1 row affected (0.00 sec)

MariaDB [employees]> insert into dept values(30, 'SALES', 'CHICAGO');
Query OK, 1 row affected (0.00 sec)

MariaDB [employees]> insert into dept values(40, 'OPERATIONS', 'BOSTON');
Query OK, 1 row affected (0.00 sec)

MariaDB [employees]> insert into emp values( 7839, 'KING', 'PRESIDENT', null, STR_TO_DATE ('17-11-1981','%d-%m-%Y'), 5000, null, 10);
Query OK, 1 row affected (0.02 sec)

MariaDB [employees]> insert into emp values( 7698, 'BLAKE', 'MANAGER', 7839, STR_TO_DATE('1-5-1981','%d-%m-%Y'), 2850, null, 30);
Query OK, 1 row affected (0.00 sec)

MariaDB [employees]> insert into emp values( 7782, 'CLARK', 'MANAGER', 7839, STR_TO_DATE('9-6-1981','%d-%m-%Y'), 2450, null, 10);
Query OK, 1 row affected (0.00 sec)

MariaDB [employees]> insert into emp values( 7566, 'JONES', 'MANAGER', 7839, STR_TO_DATE('2-4-1981','%d-%m-%Y'), 2975, null, 20);
Query OK, 1 row affected (0.00 sec)

MariaDB [employees]> insert into emp values( 7788, 'SCOTT', 'ANALYST', 7566, DATE_ADD(STR_TO_DATE('13-7-1987','%d-%m-%Y'),INTERVAL -85 DAY)  , 3000, null, 20);
Query OK, 1 row affected (0.00 sec)

MariaDB [employees]> insert into emp values( 7902, 'FORD', 'ANALYST', 7566, STR_TO_DATE('3-12-1981','%d-%m-%Y'), 3000, null, 20);
Query OK, 1 row affected (0.00 sec)

MariaDB [employees]> insert into emp values( 7369, 'SMITH', 'CLERK', 7902, STR_TO_DATE('17-12-1980','%d-%m-%Y'), 800, null, 20);
Query OK, 1 row affected (0.00 sec)

MariaDB [employees]> insert into emp values( 7499, 'ALLEN', 'SALESMAN', 7698, STR_TO_DATE('20-2-1981','%d-%m-%Y'), 1600, 300, 30);
Query OK, 1 row affected (0.00 sec)

MariaDB [employees]> insert into emp values( 7521, 'WARD', 'SALESMAN', 7698, STR_TO_DATE('22-2-1981','%d-%m-%Y'), 1250, 500, 30);
Query OK, 1 row affected (0.00 sec)

MariaDB [employees]> insert into emp values( 7654, 'MARTIN', 'SALESMAN', 7698, STR_TO_DATE('28-09-1981','%d-%m-%Y'), 1250, 1400, 30);
Query OK, 1 row affected (0.00 sec)

MariaDB [employees]> insert into emp values( 7844, 'TURNER', 'SALESMAN', 7698, STR_TO_DATE('8-9-1981','%d-%m-%Y'), 1500, 0, 30);
Query OK, 1 row affected (0.00 sec)

MariaDB [employees]> insert into emp values( 7876, 'ADAMS', 'CLERK', 7788, DATE_ADD(STR_TO_DATE('13-7-1987', '%d-%m-%Y'),INTERVAL -51 DAY), 1100, null, 20);
Query OK, 1 row affected (0.00 sec)

MariaDB [employees]> insert into emp values( 7900, 'JAMES', 'CLERK', 7698, STR_TO_DATE('3-12-1981','%d-%m-%Y'), 950, null, 30);
Query OK, 1 row affected (0.00 sec)

MariaDB [employees]> insert into emp values( 7934, 'MILLER', 'CLERK', 7782, STR_TO_DATE('23-1-1982','%d-%m-%Y'), 1300, null, 10);
Query OK, 1 row affected (0.00 sec)

MariaDB [employees]>
MariaDB [employees]> commit;
Query OK, 0 rows affected (0.00 sec)

MariaDB [employees]> show tables;
+---------------------+
| Tables_in_employees |
+---------------------+
| dept                |
| emp                 |
+---------------------+
2 rows in set (0.00 sec)

MariaDB [employees]> select * from dept;
+--------+------------+----------+
| deptno | dname      | loc      |
+--------+------------+----------+
|     10 | ACCOUNTING | NEW YORK |
|     20 | RESEARCH   | DALLAS   |
|     30 | SALES      | CHICAGO  |
|     40 | OPERATIONS | BOSTON   |
+--------+------------+----------+
4 rows in set (0.00 sec)

MariaDB [employees]> select * from emp;
+-------+--------+-----------+------+------------+---------+---------+--------+
| empno | ename  | job       | mgr  | hiredate   | sal     | comm    | deptno |
+-------+--------+-----------+------+------------+---------+---------+--------+
|  7369 | SMITH  | CLERK     | 7902 | 1980-12-17 |  800.00 |    NULL |     20 |
|  7499 | ALLEN  | SALESMAN  | 7698 | 1981-02-20 | 1600.00 |  300.00 |     30 |
|  7521 | WARD   | SALESMAN  | 7698 | 1981-02-22 | 1250.00 |  500.00 |     30 |
|  7566 | JONES  | MANAGER   | 7839 | 1981-04-02 | 2975.00 |    NULL |     20 |
|  7654 | MARTIN | SALESMAN  | 7698 | 1981-09-28 | 1250.00 | 1400.00 |     30 |
|  7698 | BLAKE  | MANAGER   | 7839 | 1981-05-01 | 2850.00 |    NULL |     30 |
|  7782 | CLARK  | MANAGER   | 7839 | 1981-06-09 | 2450.00 |    NULL |     10 |
|  7788 | SCOTT  | ANALYST   | 7566 | 1987-04-19 | 3000.00 |    NULL |     20 |
|  7839 | KING   | PRESIDENT | NULL | 1981-11-17 | 5000.00 |    NULL |     10 |
|  7844 | TURNER | SALESMAN  | 7698 | 1981-09-08 | 1500.00 |    0.00 |     30 |
|  7876 | ADAMS  | CLERK     | 7788 | 1987-05-23 | 1100.00 |    NULL |     20 |
|  7900 | JAMES  | CLERK     | 7698 | 1981-12-03 |  950.00 |    NULL |     30 |
|  7902 | FORD   | ANALYST   | 7566 | 1981-12-03 | 3000.00 |    NULL |     20 |
|  7934 | MILLER | CLERK     | 7782 | 1982-01-23 | 1300.00 |    NULL |     10 |
+-------+--------+-----------+------+------------+---------+---------+--------+
14 rows in set (0.00 sec)

MariaDB [employees]> select sal from emp;
+---------+
| sal     |
+---------+
|  800.00 |
| 1600.00 |
| 1250.00 |
| 2975.00 |
| 1250.00 |
| 2850.00 |
| 2450.00 |
| 3000.00 |
| 5000.00 |
| 1500.00 |
| 1100.00 |
|  950.00 |
| 3000.00 |
| 1300.00 |
+---------+
14 rows in set (0.00 sec)

MariaDB [employees]> select sal from emp
    -> order by sal;
+---------+
| sal     |
+---------+
|  800.00 |
|  950.00 |
| 1100.00 |
| 1250.00 |
| 1250.00 |
| 1300.00 |
| 1500.00 |
| 1600.00 |
| 2450.00 |
| 2850.00 |
| 2975.00 |
| 3000.00 |
| 3000.00 |
| 5000.00 |
+---------+
14 rows in set (0.00 sec)

MariaDB [employees]> select sal from emp order by sal desc;
+---------+
| sal     |
+---------+
| 5000.00 |
| 3000.00 |
| 3000.00 |
| 2975.00 |
| 2850.00 |
| 2450.00 |
| 1600.00 |
| 1500.00 |
| 1300.00 |
| 1250.00 |
| 1250.00 |
| 1100.00 |
|  950.00 |
|  800.00 |
+---------+
14 rows in set (0.00 sec)

MariaDB [employees]> grant all privileges on *.* to 'scott'@'localhost';
Query OK, 0 rows affected (0.00 sec)

MariaDB [employees]> drop table IF EXISTs emp;
Query OK, 0 rows affected (0.01 sec)

MariaDB [employees]> CREATE TABLE emp (
    -> empno                int  NOT NULL  AUTO_INCREMENT,
    -> ename                varchar(20)    ,
    -> dname                varchar(20)    ,
    -> job       varchar(20),
    -> mgr                  smallint    ,
    -> hiredate             date    ,
    -> sal                  numeric(7,2)    ,
    -> comm                 numeric(7,2)    ,
    -> deptno               int    ,
    -> CONSTRAINT pk_emp PRIMARY KEY ( empno )
    -> );
Query OK, 0 rows affected (0.02 sec)

MariaDB [employees]> insert into emp values( 7839, 'KING', 'OPERATIONS', 'PRESIDENT', null, STR_TO_DATE ('17-11-1981','%d-%m-%Y'), 5000, null, 10);
Query OK, 1 row affected (0.01 sec)

MariaDB [employees]> insert into emp values( 7698, 'BLAKE', 'SALES', 'MANAGER', 7839, STR_TO_DATE('1-5-1981','%d-%m-%Y'), 2850, null, 30);
Query OK, 1 row affected (0.00 sec)

MariaDB [employees]> insert into emp values( 7782, 'CLARK', 'SALES', 'MANAGER', 7839, STR_TO_DATE('9-6-1981','%d-%m-%Y'), 2450, null, 10);
Query OK, 1 row affected (0.00 sec)

MariaDB [employees]> insert into emp values( 7566, 'JONES', 'SALES', 'MANAGER', 7839, STR_TO_DATE('2-4-1981','%d-%m-%Y'), 2975, null, 20);
Query OK, 1 row affected (0.00 sec)

MariaDB [employees]> insert into emp values( 7788, 'SCOTT', 'SALES', 'ANALYST', 7566, DATE_ADD(STR_TO_DATE('13-7-1987','%d-%m-%Y'),INTERVAL -85 DAY)  , 3000, null, 20);
Query OK, 1 row affected (0.00 sec)

MariaDB [employees]> insert into emp values( 7902, 'FORD', 'RESEARCH', 'ANALYST', 7566, STR_TO_DATE('3-12-1981','%d-%m-%Y'), 3000, null, 20);
Query OK, 1 row affected (0.00 sec)

MariaDB [employees]> insert into emp values( 7369, 'SMITH', 'RESEARCH', 'CLERK', 7902, STR_TO_DATE('17-12-1980','%d-%m-%Y'), 800, null, 20);
Query OK, 1 row affected (0.00 sec)

MariaDB [employees]> insert into emp values( 7499, 'ALLEN', 'RESEARCH', 'SALESMAN', 7698, STR_TO_DATE('20-2-1981','%d-%m-%Y'), 1600, 300, 30);
Query OK, 1 row affected (0.00 sec)

MariaDB [employees]> insert into emp values( 7521, 'WARD', 'RESEARCH', 'SALESMAN', 7698, STR_TO_DATE('22-2-1981','%d-%m-%Y'), 1250, 500, 30);
Query OK, 1 row affected (0.00 sec)

MariaDB [employees]> insert into emp values( 7654, 'MARTIN', 'RESEARCH', 'SALESMAN', 7698, STR_TO_DATE('28-09-1981','%d-%m-%Y'), 1250, 1400, 30);
Query OK, 1 row affected (0.00 sec)

MariaDB [employees]> insert into emp values( 7844, 'TURNER', 'OPERATIONS', 'SALESMAN', 7698, STR_TO_DATE('8-9-1981','%d-%m-%Y'), 1500, 0, 30);
Query OK, 1 row affected (0.00 sec)

MariaDB [employees]> insert into emp values( 7876, 'ADAMS', 'ACCOUNTING', 'CLERK', 7788, DATE_ADD(STR_TO_DATE('13-7-1987', '%d-%m-%Y'),INTERVAL -51 DAY), 1100, null, 20);
Query OK, 1 row affected (0.00 sec)

MariaDB [employees]> insert into emp values( 7900, 'JAMES', 'OPERATIONS', 'CLERK', 7698, STR_TO_DATE('3-12-1981','%d-%m-%Y'), 950, null, 30);
Query OK, 1 row affected (0.00 sec)

MariaDB [employees]> insert into emp values( 7934, 'MILLER', 'ACCOUNTING', 'CLERK', 7782, STR_TO_DATE('23-1-1982','%d-%m-%Y'), 1300, null, 10);
Query OK, 1 row affected (0.00 sec)

MariaDB [employees]>
MariaDB [employees]> commit;
Query OK, 0 rows affected (0.00 sec)

MariaDB [employees]> select * from emp;
+-------+--------+------------+-----------+------+------------+---------+---------+--------+
| empno | ename  | dname      | job       | mgr  | hiredate   | sal     | comm    | deptno |
+-------+--------+------------+-----------+------+------------+---------+---------+--------+
|  7369 | SMITH  | RESEARCH   | CLERK     | 7902 | 1980-12-17 |  800.00 |    NULL |     20 |
|  7499 | ALLEN  | RESEARCH   | SALESMAN  | 7698 | 1981-02-20 | 1600.00 |  300.00 |     30 |
|  7521 | WARD   | RESEARCH   | SALESMAN  | 7698 | 1981-02-22 | 1250.00 |  500.00 |     30 |
|  7566 | JONES  | SALES      | MANAGER   | 7839 | 1981-04-02 | 2975.00 |    NULL |     20 |
|  7654 | MARTIN | RESEARCH   | SALESMAN  | 7698 | 1981-09-28 | 1250.00 | 1400.00 |     30 |
|  7698 | BLAKE  | SALES      | MANAGER   | 7839 | 1981-05-01 | 2850.00 |    NULL |     30 |
|  7782 | CLARK  | SALES      | MANAGER   | 7839 | 1981-06-09 | 2450.00 |    NULL |     10 |
|  7788 | SCOTT  | SALES      | ANALYST   | 7566 | 1987-04-19 | 3000.00 |    NULL |     20 |
|  7839 | KING   | OPERATIONS | PRESIDENT | NULL | 1981-11-17 | 5000.00 |    NULL |     10 |
|  7844 | TURNER | OPERATIONS | SALESMAN  | 7698 | 1981-09-08 | 1500.00 |    0.00 |     30 |
|  7876 | ADAMS  | ACCOUNTING | CLERK     | 7788 | 1987-05-23 | 1100.00 |    NULL |     20 |
|  7900 | JAMES  | OPERATIONS | CLERK     | 7698 | 1981-12-03 |  950.00 |    NULL |     30 |
|  7902 | FORD   | RESEARCH   | ANALYST   | 7566 | 1981-12-03 | 3000.00 |    NULL |     20 |
|  7934 | MILLER | ACCOUNTING | CLERK     | 7782 | 1982-01-23 | 1300.00 |    NULL |     10 |
+-------+--------+------------+-----------+------+------------+---------+---------+--------+
14 rows in set (0.00 sec)

MariaDB [employees]> select * from dept;
+--------+------------+----------+
| deptno | dname      | loc      |
+--------+------------+----------+
|     10 | ACCOUNTING | NEW YORK |
|     20 | RESEARCH   | DALLAS   |
|     30 | SALES      | CHICAGO  |
|     40 | OPERATIONS | BOSTON   |
+--------+------------+----------+
4 rows in set (0.00 sec)

MariaDB [employees]>